
===========================================================================
report_checks -unconstrained
===========================================================================
======================= nom_tt_025C_1v80 Corner ===================================

Startpoint: rst (input port clocked by clk)
Endpoint: _424_ (recovery check against rising-edge clock clk)
Path Group: asynchronous
Path Type: max

Fanout         Cap        Slew       Delay        Time   Description
---------------------------------------------------------------------------------------------
                                  0.000000    0.000000   clock clk (rise edge)
                                  0.000000    0.000000   clock network delay (propagated)
                                  1.000000    1.000000 v input external delay
    64    0.354130    0.775154    0.585017    1.585017 v rst (in)
                                                         rst (net)
                      0.777613    0.000000    1.585017 v _360_/A (sky130_fd_sc_hd__inv_2)
     1    0.004714    0.131300    0.195038    1.780055 ^ _360_/Y (sky130_fd_sc_hd__inv_2)
                                                         _044_ (net)
                      0.131300    0.000103    1.780158 ^ _424_/RESET_B (sky130_fd_sc_hd__dfrtp_2)
                                              1.780158   data arrival time

                                  7.000000    7.000000   clock clk (rise edge)
                                  0.000000    7.000000   clock source latency
     1    0.016711    0.081065    0.055613    7.055613 ^ clk (in)
                                                         clk (net)
                      0.081075    0.000000    7.055613 ^ clkbuf_0_clk/A (sky130_fd_sc_hd__clkbuf_16)
     8    0.081765    0.098366    0.185524    7.241138 ^ clkbuf_0_clk/X (sky130_fd_sc_hd__clkbuf_16)
                                                         clknet_0_clk (net)
                      0.098422    0.002144    7.243282 ^ clkbuf_3_2__f_clk/A (sky130_fd_sc_hd__clkbuf_16)
    10    0.027759    0.049121    0.152199    7.395481 ^ clkbuf_3_2__f_clk/X (sky130_fd_sc_hd__clkbuf_16)
                                                         clknet_3_2__leaf_clk (net)
                      0.049136    0.000937    7.396418 ^ _424_/CLK (sky130_fd_sc_hd__dfrtp_2)
                                 -0.250000    7.146418   clock uncertainty
                                  0.000000    7.146418   clock reconvergence pessimism
                                  0.194720    7.341137   library recovery time
                                              7.341137   data required time
---------------------------------------------------------------------------------------------
                                              7.341137   data required time
                                             -1.780158   data arrival time
---------------------------------------------------------------------------------------------
                                              5.560979   slack (MET)


Startpoint: y (input port clocked by clk)
Endpoint: _464_ (rising edge-triggered flip-flop clocked by clk)
Path Group: clk
Path Type: max

Fanout         Cap        Slew       Delay        Time   Description
---------------------------------------------------------------------------------------------
                                  0.000000    0.000000   clock clk (rise edge)
                                  0.000000    0.000000   clock network delay (propagated)
                                  1.000000    1.000000 ^ input external delay
    64    0.311505    1.390973    0.971629    1.971629 ^ y (in)
                                                         y (net)
                      1.391842    0.000000    1.971629 ^ _316_/A (sky130_fd_sc_hd__nand2_2)
     1    0.009946    0.223006    0.144190    2.115820 v _316_/Y (sky130_fd_sc_hd__nand2_2)
                                                         _171_ (net)
                      0.223007    0.000359    2.116179 v _319_/A (sky130_fd_sc_hd__xnor2_2)
     1    0.002978    0.049262    0.199491    2.315670 v _319_/Y (sky130_fd_sc_hd__xnor2_2)
                                                         genblk1[24].csa.hsum2 (net)
                      0.049262    0.000090    2.315760 v _464_/D (sky130_fd_sc_hd__dfrtp_2)
                                              2.315760   data arrival time

                                  7.000000    7.000000   clock clk (rise edge)
                                  0.000000    7.000000   clock source latency
     1    0.016711    0.081065    0.055613    7.055613 ^ clk (in)
                                                         clk (net)
                      0.081075    0.000000    7.055613 ^ clkbuf_0_clk/A (sky130_fd_sc_hd__clkbuf_16)
     8    0.081765    0.098366    0.185524    7.241138 ^ clkbuf_0_clk/X (sky130_fd_sc_hd__clkbuf_16)
                                                         clknet_0_clk (net)
                      0.098394    0.001589    7.242727 ^ clkbuf_3_1__f_clk/A (sky130_fd_sc_hd__clkbuf_16)
     7    0.025642    0.046912    0.150236    7.392963 ^ clkbuf_3_1__f_clk/X (sky130_fd_sc_hd__clkbuf_16)
                                                         clknet_3_1__leaf_clk (net)
                      0.046912    0.000297    7.393260 ^ _464_/CLK (sky130_fd_sc_hd__dfrtp_2)
                                 -0.250000    7.143260   clock uncertainty
                                  0.000000    7.143260   clock reconvergence pessimism
                                 -0.116922    7.026339   library setup time
                                              7.026339   data required time
---------------------------------------------------------------------------------------------
                                              7.026339   data required time
                                             -2.315760   data arrival time
---------------------------------------------------------------------------------------------
                                              4.710579   slack (MET)




===========================================================================
report_checks --slack_max -0.01
============================================================================
======================= nom_tt_025C_1v80 Corner ===================================

No paths found.


===========================================================================
 report_check_types -max_slew -max_cap -max_fanout -violators
============================================================================
======================= nom_tt_025C_1v80 Corner ===================================

max slew

Pin                                        Limit        Slew       Slack
------------------------------------------------------------------------
_364_/A                                 0.750000    1.678069   -0.928069 (VIOLATED)
_361_/A                                 0.750000    1.678066   -0.928066 (VIOLATED)
_362_/A                                 0.750000    1.678063   -0.928063 (VIOLATED)
_406_/A                                 0.750000    1.678052   -0.928052 (VIOLATED)
_363_/A                                 0.750000    1.678029   -0.928029 (VIOLATED)
_366_/A                                 0.750000    1.677999   -0.927999 (VIOLATED)
_404_/A                                 0.750000    1.677969   -0.927969 (VIOLATED)
_359_/A                                 0.750000    1.677964   -0.927964 (VIOLATED)
_365_/A                                 0.750000    1.677962   -0.927962 (VIOLATED)
_360_/A                                 0.750000    1.677955   -0.927955 (VIOLATED)
_357_/A                                 0.750000    1.677944   -0.927944 (VIOLATED)
_368_/A                                 0.750000    1.677935   -0.927936 (VIOLATED)
_358_/A                                 0.750000    1.677924   -0.927924 (VIOLATED)
_367_/A                                 0.750000    1.677919   -0.927919 (VIOLATED)
_370_/A                                 0.750000    1.677913   -0.927913 (VIOLATED)
_408_/A                                 0.750000    1.677886   -0.927886 (VIOLATED)
_405_/A                                 0.750000    1.677879   -0.927879 (VIOLATED)
_392_/A                                 0.750000    1.677867   -0.927867 (VIOLATED)
_407_/A                                 0.750000    1.677836   -0.927836 (VIOLATED)
_403_/A                                 0.750000    1.677834   -0.927834 (VIOLATED)
_401_/A                                 0.750000    1.677804   -0.927804 (VIOLATED)
_389_/A                                 0.750000    1.677768   -0.927768 (VIOLATED)
_394_/A                                 0.750000    1.677755   -0.927755 (VIOLATED)
_391_/A                                 0.750000    1.677739   -0.927739 (VIOLATED)
_390_/A                                 0.750000    1.677680   -0.927680 (VIOLATED)
_371_/A                                 0.750000    1.677611   -0.927611 (VIOLATED)
_369_/A                                 0.750000    1.677603   -0.927603 (VIOLATED)
_372_/A                                 0.750000    1.677596   -0.927596 (VIOLATED)
_374_/A                                 0.750000    1.677583   -0.927583 (VIOLATED)
_388_/A                                 0.750000    1.677474   -0.927474 (VIOLATED)
_373_/A                                 0.750000    1.677470   -0.927470 (VIOLATED)
_375_/A                                 0.750000    1.677471   -0.927471 (VIOLATED)
_376_/A                                 0.750000    1.677436   -0.927436 (VIOLATED)
_352_/A                                 0.750000    1.677351   -0.927351 (VIOLATED)
_411_/A                                 0.750000    1.677350   -0.927350 (VIOLATED)
_412_/A                                 0.750000    1.677342   -0.927342 (VIOLATED)
_409_/A                                 0.750000    1.677329   -0.927329 (VIOLATED)
_380_/A                                 0.750000    1.677326   -0.927326 (VIOLATED)
_355_/A                                 0.750000    1.677319   -0.927319 (VIOLATED)
_351_/A                                 0.750000    1.677313   -0.927313 (VIOLATED)
_356_/A                                 0.750000    1.677295   -0.927295 (VIOLATED)
_397_/A                                 0.750000    1.677281   -0.927281 (VIOLATED)
_378_/A                                 0.750000    1.677276   -0.927276 (VIOLATED)
_381_/A                                 0.750000    1.677255   -0.927255 (VIOLATED)
_395_/A                                 0.750000    1.677254   -0.927254 (VIOLATED)
_354_/A                                 0.750000    1.677253   -0.927253 (VIOLATED)
_353_/A                                 0.750000    1.677226   -0.927226 (VIOLATED)
_398_/A                                 0.750000    1.677206   -0.927206 (VIOLATED)
_400_/A                                 0.750000    1.677173   -0.927173 (VIOLATED)
_410_/A                                 0.750000    1.677173   -0.927173 (VIOLATED)
_402_/A                                 0.750000    1.677170   -0.927170 (VIOLATED)
_399_/A                                 0.750000    1.677166   -0.927166 (VIOLATED)
_396_/A                                 0.750000    1.677142   -0.927142 (VIOLATED)
_387_/A                                 0.750000    1.677137   -0.927137 (VIOLATED)
_386_/A                                 0.750000    1.677135   -0.927135 (VIOLATED)
_393_/A                                 0.750000    1.677128   -0.927128 (VIOLATED)
_379_/A                                 0.750000    1.677126   -0.927126 (VIOLATED)
_383_/A                                 0.750000    1.677107   -0.927107 (VIOLATED)
_384_/A                                 0.750000    1.677085   -0.927085 (VIOLATED)
_385_/A                                 0.750000    1.677061   -0.927061 (VIOLATED)
_382_/A                                 0.750000    1.676888   -0.926888 (VIOLATED)
_191_/A                                 0.750000    1.676756   -0.926756 (VIOLATED)
_377_/A                                 0.750000    1.676674   -0.926674 (VIOLATED)
_350_/A                                 0.750000    1.676649   -0.926649 (VIOLATED)
rst                                     0.750000    1.676638   -0.926638 (VIOLATED)
_313_/A1                                0.750000    1.391842   -0.641842 (VIOLATED)
_316_/A                                 0.750000    1.391842   -0.641842 (VIOLATED)
_311_/A                                 0.750000    1.391836   -0.641836 (VIOLATED)
_203_/A1                                0.750000    1.391827   -0.641827 (VIOLATED)
_201_/A                                 0.750000    1.391825   -0.641825 (VIOLATED)
_306_/A                                 0.750000    1.391804   -0.641804 (VIOLATED)
_318_/A1                                0.750000    1.391804   -0.641804 (VIOLATED)
_308_/A1                                0.750000    1.391799   -0.641800 (VIOLATED)
_276_/A                                 0.750000    1.391761   -0.641761 (VIOLATED)
_281_/A                                 0.750000    1.391759   -0.641759 (VIOLATED)
_278_/A1                                0.750000    1.391758   -0.641758 (VIOLATED)
_273_/A1                                0.750000    1.391757   -0.641757 (VIOLATED)
_271_/A                                 0.750000    1.391756   -0.641756 (VIOLATED)
_268_/A1                                0.750000    1.391737   -0.641737 (VIOLATED)
_266_/A                                 0.750000    1.391693   -0.641693 (VIOLATED)
_193_/A                                 0.750000    1.391634   -0.641634 (VIOLATED)
_195_/A1                                0.750000    1.391630   -0.641630 (VIOLATED)
_263_/A1                                0.750000    1.391613   -0.641614 (VIOLATED)
_261_/A                                 0.750000    1.391548   -0.641548 (VIOLATED)
_258_/A1                                0.750000    1.391501   -0.641501 (VIOLATED)
_256_/A                                 0.750000    1.391477   -0.641477 (VIOLATED)
_283_/A1                                0.750000    1.391454   -0.641454 (VIOLATED)
_251_/A                                 0.750000    1.391405   -0.641405 (VIOLATED)
_253_/A1                                0.750000    1.391403   -0.641403 (VIOLATED)
_248_/A1                                0.750000    1.391402   -0.641402 (VIOLATED)
_198_/A                                 0.750000    1.391333   -0.641333 (VIOLATED)
_206_/A                                 0.750000    1.391333   -0.641333 (VIOLATED)
_197_/A1                                0.750000    1.391330   -0.641331 (VIOLATED)
_208_/A1                                0.750000    1.391330   -0.641330 (VIOLATED)
_346_/A                                 0.750000    1.391323   -0.641323 (VIOLATED)
_343_/A1                                0.750000    1.391313   -0.641313 (VIOLATED)
_286_/A                                 0.750000    1.391307   -0.641307 (VIOLATED)
_341_/A                                 0.750000    1.391301   -0.641301 (VIOLATED)
_338_/A1                                0.750000    1.391284   -0.641284 (VIOLATED)
_323_/A1                                0.750000    1.391273   -0.641273 (VIOLATED)
_321_/A                                 0.750000    1.391272   -0.641272 (VIOLATED)
_336_/A                                 0.750000    1.391271   -0.641271 (VIOLATED)
_301_/A                                 0.750000    1.391267   -0.641267 (VIOLATED)
_303_/A1                                0.750000    1.391268   -0.641268 (VIOLATED)
_288_/A1                                0.750000    1.391265   -0.641265 (VIOLATED)
_348_/A1                                0.750000    1.391257   -0.641257 (VIOLATED)
_211_/A                                 0.750000    1.391255   -0.641255 (VIOLATED)
_213_/A1                                0.750000    1.391255   -0.641255 (VIOLATED)
_216_/A                                 0.750000    1.391232   -0.641232 (VIOLATED)
_218_/A1                                0.750000    1.391216   -0.641216 (VIOLATED)
_221_/A                                 0.750000    1.391206   -0.641206 (VIOLATED)
_223_/A1                                0.750000    1.391202   -0.641202 (VIOLATED)
_228_/A1                                0.750000    1.391203   -0.641203 (VIOLATED)
_226_/A                                 0.750000    1.391198   -0.641198 (VIOLATED)
_291_/A                                 0.750000    1.391195   -0.641195 (VIOLATED)
_296_/A                                 0.750000    1.391177   -0.641177 (VIOLATED)
_298_/A1                                0.750000    1.391177   -0.641177 (VIOLATED)
_331_/A                                 0.750000    1.391177   -0.641177 (VIOLATED)
_333_/A1                                0.750000    1.391149   -0.641149 (VIOLATED)
_246_/A                                 0.750000    1.391133   -0.641133 (VIOLATED)
_326_/A                                 0.750000    1.391125   -0.641125 (VIOLATED)
_328_/A1                                0.750000    1.391107   -0.641107 (VIOLATED)
_293_/A1                                0.750000    1.391100   -0.641100 (VIOLATED)
_243_/A1                                0.750000    1.391063   -0.641063 (VIOLATED)
_241_/A                                 0.750000    1.391050   -0.641050 (VIOLATED)
_233_/A1                                0.750000    1.391029   -0.641029 (VIOLATED)
_231_/A                                 0.750000    1.391019   -0.641019 (VIOLATED)
_238_/A1                                0.750000    1.391006   -0.641006 (VIOLATED)
_236_/A                                 0.750000    1.390976   -0.640976 (VIOLATED)
y                                       0.750000    1.390973   -0.640973 (VIOLATED)

max fanout

Pin                                   Limit Fanout  Slack
---------------------------------------------------------
rst                                      10     64    -54 (VIOLATED)
y                                        10     64    -54 (VIOLATED)

max capacitance

Pin                                        Limit         Cap       Slack
------------------------------------------------------------------------
rst                                     0.200000    0.377554   -0.177554 (VIOLATED)
y                                       0.200000    0.311505   -0.111505 (VIOLATED)



===========================================================================
report_parasitic_annotation -report_unannotated
============================================================================
Found 7 unannotated drivers.
 clkload0/X
 clkload1/Y
 clkload2/X
 clkload3/Y
 clkload4/X
 clkload5/X
 clkload6/Y
Found 0 partially unannotated drivers.

===========================================================================
max slew violation count 130
max fanout violation count 2
max cap violation count 2
============================================================================

===========================================================================
check_setup -verbose -unconstrained_endpoints -multiple_clock -no_clock -no_input_delay -loops -generated_clocks
===========================================================================
